// Jest Snapshot v1, https://goo.gl/fbAQLP

exports[`KafkaChart with defaults matches the snapshot 1`] = `
Array [
  Object {
    "apiVersion": "v1",
    "kind": "Namespace",
    "metadata": Object {
      "name": "kafka",
    },
  },
  Object {
    "apiVersion": "kafka.strimzi.io/v1beta2",
    "kind": "Kafka",
    "metadata": Object {
      "name": "kafka-cluster",
      "namespace": "kafka",
    },
    "spec": Object {
      "kafka": Object {
        "config": Object {
          "inter.broker.protocol.version": "2.8",
          "log.message.format.version": "2.8",
          "offsets.topic.replication.factor": 1,
          "transaction.state.log.min.isr": 1,
          "transaction.state.log.replication.factor": 1,
        },
        "listeners": Array [
          Object {
            "name": "plain",
            "port": 9092,
            "tls": false,
            "type": "internal",
          },
          Object {
            "name": "tls",
            "port": 9093,
            "tls": true,
            "type": "internal",
          },
        ],
        "replicas": 1,
        "storage": Object {
          "type": "jbod",
          "volumes": Array [
            Object {
              "deleteClaim": false,
              "id": 0,
              "size": "1Gi",
              "type": "persistent-claim",
            },
          ],
        },
        "version": "2.8.0",
      },
      "zookeeper": Object {
        "replicas": 1,
        "storage": Object {
          "deleteClaim": false,
          "size": "1Gi",
          "type": "persistent-claim",
        },
      },
    },
  },
]
`;
