// Jest Snapshot v1, https://goo.gl/fbAQLP

exports[`MinutesChart with defaults matches the snapshot 1`] = `
Array [
  Object {
    "apiVersion": "apps/v1",
    "kind": "Deployment",
    "metadata": Object {
      "name": "minutes",
    },
    "spec": Object {
      "replicas": 1,
      "selector": Object {
        "matchLabels": Object {
          "cdk8s.deployment": "construct-construct.nest-minutes.deployment-c80a8646",
        },
      },
      "template": Object {
        "metadata": Object {
          "labels": Object {
            "cdk8s.deployment": "construct-construct.nest-minutes.deployment-c80a8646",
          },
        },
        "spec": Object {
          "containers": Array [
            Object {
              "env": Array [
                Object {
                  "name": "CONFLUENCE_EMAIL",
                  "valueFrom": Object {
                    "secretKeyRef": Object {
                      "key": "CONFLUENCE_EMAIL",
                      "name": "minutes-secret",
                    },
                  },
                },
                Object {
                  "name": "CONFLUENCE_API_TOKEN",
                  "valueFrom": Object {
                    "secretKeyRef": Object {
                      "key": "CONFLUENCE_API_TOKEN",
                      "name": "minutes-secret",
                    },
                  },
                },
                Object {
                  "name": "CONFLUENCE_DOMAIN",
                  "valueFrom": Object {
                    "secretKeyRef": Object {
                      "key": "CONFLUENCE_DOMAIN",
                      "name": "minutes-secret",
                    },
                  },
                },
              ],
              "image": "minutes",
              "imagePullPolicy": "IfNotPresent",
              "livenessProbe": Object {
                "failureThreshold": 3,
                "httpGet": Object {
                  "path": "/health",
                  "port": 3000,
                },
              },
              "name": "minutes",
              "ports": Array [],
              "volumeMounts": Array [],
            },
          ],
          "volumes": Array [],
        },
      },
    },
  },
  Object {
    "apiVersion": "v1",
    "kind": "Service",
    "metadata": Object {
      "name": "minutes",
    },
    "spec": Object {
      "externalIPs": Array [],
      "ports": Array [
        Object {
          "port": 80,
          "targetPort": 3000,
        },
      ],
      "selector": Object {
        "cdk8s.deployment": "construct-construct.nest-minutes.deployment-c80a8646",
      },
      "type": "ClusterIP",
    },
  },
  Object {
    "apiVersion": "networking.k8s.io/v1beta1",
    "kind": "Ingress",
    "metadata": Object {
      "name": "minutes.ingress.local",
    },
    "spec": Object {
      "rules": Array [
        Object {
          "host": "minutes.localhost",
          "http": Object {
            "paths": Array [
              Object {
                "backend": Object {
                  "serviceName": "minutes",
                  "servicePort": 80,
                },
              },
            ],
          },
        },
      ],
    },
  },
]
`;
